2026-08-12T23:21:07,038 [main] INFO  a.f.a.t.Tool$ - # APALACHE version: 0.61.0 | build: 831d473
2026-08-12T23:21:07,041 [main] INFO  a.f.a.i.c.ApalacheConfigResolver$ -   > CatalogInd.cfg: Loading TLC configuration
2026-08-12T23:21:07,102 [main] INFO  a.f.a.i.c.ApalacheConfigResolver$ -   > Using next predicate(s) Next from the TLC config
2026-08-12T23:21:07,104 [main] WARN  a.f.a.t.t.o.CheckCmd - checker.init overrides the value from the TLC configuration.
2026-08-12T23:21:07,104 [main] INFO  a.f.a.t.t.o.CheckCmd - Tuning: 
2026-08-12T23:21:07,266 [main] INFO  a.f.a.i.p.PassChainExecutor - PASS #0: SanyParser
2026-08-12T23:21:07,585 [main] DEBUG a.f.a.i.p.PassChainExecutor - PASS #0: SanyParser [OK]
2026-08-12T23:21:07,586 [main] INFO  a.f.a.i.p.PassChainExecutor - PASS #1: TypeCheckerSnowcat
2026-08-12T23:21:07,586 [main] INFO  a.f.a.t.p.t.EtcTypeCheckerPassImpl -  > Running Snowcat .::.
2026-08-12T23:21:08,536 [main] INFO  a.f.a.t.p.t.EtcTypeCheckerPassImpl -  > Your types are purrfect!
2026-08-12T23:21:08,536 [main] INFO  a.f.a.t.p.t.EtcTypeCheckerPassImpl -  > All expressions are typed
2026-08-12T23:21:08,537 [main] DEBUG a.f.a.i.p.PassChainExecutor - PASS #1: TypeCheckerSnowcat [OK]
2026-08-12T23:21:08,539 [main] INFO  a.f.a.i.p.PassChainExecutor - PASS #2: ConfigurationPass
2026-08-12T23:21:08,939 [main] INFO  a.f.a.t.p.p.ConfigurationPassImpl -   > CatalogInd.cfg: found INVARIANTS: IndInv
2026-08-12T23:21:08,942 [main] INFO  a.f.a.t.p.p.ConfigurationPassImpl -   > Set the initialization predicate to IndInit
2026-08-12T23:21:08,942 [main] INFO  a.f.a.t.p.p.ConfigurationPassImpl -   > Set the transition predicate to Next
2026-08-12T23:21:08,942 [main] INFO  a.f.a.t.p.p.ConfigurationPassImpl -   > Set the constant initialization predicate to CInit
2026-08-12T23:21:08,943 [main] INFO  a.f.a.t.p.p.ConfigurationPassImpl -   > Set an invariant to IndInv
2026-08-12T23:21:08,950 [main] DEBUG a.f.a.i.p.PassChainExecutor - PASS #2: ConfigurationPass [OK]
2026-08-12T23:21:08,951 [main] INFO  a.f.a.i.p.PassChainExecutor - PASS #3: DesugarerPass
2026-08-12T23:21:08,951 [main] INFO  a.f.a.t.p.p.DesugarerPassImpl -   > Desugaring...
2026-08-12T23:21:08,983 [main] DEBUG a.f.a.i.p.PassChainExecutor - PASS #3: DesugarerPass [OK]
2026-08-12T23:21:08,983 [main] INFO  a.f.a.i.p.PassChainExecutor - PASS #4: InlinePass
2026-08-12T23:21:08,984 [main] INFO  a.f.a.t.p.p.InlinePassImpl - Leaving only relevant operators: CInit, CInitPrimed, IndInit, IndInitPrimed, IndInv, Next
2026-08-12T23:21:09,096 [main] DEBUG a.f.a.i.p.PassChainExecutor - PASS #4: InlinePass [OK]
2026-08-12T23:21:09,096 [main] INFO  a.f.a.i.p.PassChainExecutor - PASS #5: TemporalPass
2026-08-12T23:21:09,096 [main] INFO  a.f.a.t.p.p.TemporalPassImpl -   > Rewriting temporal operators...
2026-08-12T23:21:09,096 [main] INFO  a.f.a.t.p.p.TemporalPassImpl -   > No temporal property specified, nothing to encode
2026-08-12T23:21:09,096 [main] DEBUG a.f.a.i.p.PassChainExecutor - PASS #5: TemporalPass [OK]
2026-08-12T23:21:09,096 [main] INFO  a.f.a.i.p.PassChainExecutor - PASS #6: InlinePass
2026-08-12T23:21:09,096 [main] INFO  a.f.a.t.p.p.InlinePassImpl - Leaving only relevant operators: CInit, CInitPrimed, IndInit, IndInitPrimed, IndInv, Next
2026-08-12T23:21:09,110 [main] DEBUG a.f.a.i.p.PassChainExecutor - PASS #6: InlinePass [OK]
2026-08-12T23:21:09,111 [main] INFO  a.f.a.i.p.PassChainExecutor - PASS #7: PrimingPass
2026-08-12T23:21:09,117 [main] INFO  a.f.a.t.p.a.PrimingPassImpl -   > Introducing CInitPrimed for CInit'
2026-08-12T23:21:09,117 [main] INFO  a.f.a.t.p.a.PrimingPassImpl -   > Introducing IndInitPrimed for IndInit'
2026-08-12T23:21:09,119 [main] DEBUG a.f.a.i.p.PassChainExecutor - PASS #7: PrimingPass [OK]
2026-08-12T23:21:09,119 [main] INFO  a.f.a.i.p.PassChainExecutor - PASS #8: VCGen
2026-08-12T23:21:09,120 [main] INFO  a.f.a.t.b.p.VCGenPassImpl -   > Producing verification conditions from the invariant IndInv
2026-08-12T23:21:09,132 [main] INFO  a.f.a.t.b.VCGenerator -   > VCGen produced 14 verification condition(s)
2026-08-12T23:21:09,139 [main] DEBUG a.f.a.i.p.PassChainExecutor - PASS #8: VCGen [OK]
2026-08-12T23:21:09,140 [main] INFO  a.f.a.i.p.PassChainExecutor - PASS #9: PreprocessingPass
2026-08-12T23:21:09,140 [main] INFO  a.f.a.t.p.p.PreproPassImpl -   > Before preprocessing: unique renaming
2026-08-12T23:21:09,162 [main] INFO  a.f.a.t.p.p.PreproPassImpl -  > Applying standard transformations:
2026-08-12T23:21:09,163 [main] INFO  a.f.a.t.p.p.PreproPassImpl -   > PrimePropagation
2026-08-12T23:21:09,168 [main] INFO  a.f.a.t.p.p.PreproPassImpl -   > Desugarer
2026-08-12T23:21:09,175 [main] INFO  a.f.a.t.p.p.PreproPassImpl -   > UniqueRenamer
2026-08-12T23:21:09,192 [main] INFO  a.f.a.t.p.p.PreproPassImpl -   > Normalizer
2026-08-12T23:21:09,210 [main] INFO  a.f.a.t.p.p.PreproPassImpl -   > SetMembershipSimplifier
2026-08-12T23:21:09,221 [main] INFO  a.f.a.t.p.p.PreproPassImpl -   > Keramelizer
2026-08-12T23:21:09,238 [main] INFO  a.f.a.t.p.p.PreproPassImpl -   > After preprocessing: UniqueRenamer
2026-08-12T23:21:09,264 [main] DEBUG a.f.a.i.p.PassChainExecutor - PASS #9: PreprocessingPass [OK]
2026-08-12T23:21:09,264 [main] INFO  a.f.a.i.p.PassChainExecutor - PASS #10: TransitionFinderPass
2026-08-12T23:21:09,342 [main] INFO  a.f.a.t.p.a.TransitionPassImpl -   > Found 1 initializing transitions
2026-08-12T23:21:09,367 [main] INFO  a.f.a.t.p.a.TransitionPassImpl -   > Found 10 transitions
2026-08-12T23:21:09,369 [main] INFO  a.f.a.t.p.a.TransitionPassImpl -   > Found constant initializer CInit
2026-08-12T23:21:09,374 [main] INFO  a.f.a.t.p.a.TransitionPassImpl -   > Applying unique renaming
2026-08-12T23:21:09,393 [main] DEBUG a.f.a.i.p.PassChainExecutor - PASS #10: TransitionFinderPass [OK]
2026-08-12T23:21:09,393 [main] INFO  a.f.a.i.p.PassChainExecutor - PASS #11: OptimizationPass
2026-08-12T23:21:09,402 [main] INFO  a.f.a.t.p.p.OptPassImpl -  > Applying optimizations:
2026-08-12T23:21:09,403 [main] INFO  a.f.a.t.p.p.OptPassImpl -   > ConstSimplifier
2026-08-12T23:21:09,423 [main] INFO  a.f.a.t.p.p.OptPassImpl -   > ExprOptimizer
2026-08-12T23:21:09,440 [main] INFO  a.f.a.t.p.p.OptPassImpl -   > SetMembershipSimplifier
2026-08-12T23:21:09,444 [main] INFO  a.f.a.t.p.p.OptPassImpl -   > ConstSimplifier
2026-08-12T23:21:09,464 [main] DEBUG a.f.a.i.p.PassChainExecutor - PASS #11: OptimizationPass [OK]
2026-08-12T23:21:09,465 [main] INFO  a.f.a.i.p.PassChainExecutor - PASS #12: AnalysisPass
2026-08-12T23:21:09,478 [main] INFO  a.f.a.t.b.p.AnalysisPassImpl -  > Marking skolemizable existentials and sets to be expanded...
2026-08-12T23:21:09,479 [main] INFO  a.f.a.t.b.p.AnalysisPassImpl -   > Skolemization
2026-08-12T23:21:09,482 [main] INFO  a.f.a.t.b.p.AnalysisPassImpl -   > Expansion
2026-08-12T23:21:09,490 [main] INFO  a.f.a.t.b.p.AnalysisPassImpl -   > Remove unused let-in defs
2026-08-12T23:21:09,510 [main] INFO  a.f.a.t.b.p.AnalysisPassImpl -  > Running analyzers...
2026-08-12T23:21:09,519 [main] INFO  a.f.a.t.b.p.AnalysisPassImpl -   > Introduced expression grades
2026-08-12T23:21:09,520 [main] DEBUG a.f.a.i.p.PassChainExecutor - PASS #12: AnalysisPass [OK]
2026-08-12T23:21:09,520 [main] INFO  a.f.a.i.p.PassChainExecutor - PASS #13: BoundedChecker
2026-08-12T23:21:09,564 [main] DEBUG a.f.a.t.b.s.Z3SolverContext - Creating Z3 solver context 0
2026-08-12T23:21:09,838 [main] DEBUG a.f.a.t.b.t.TransitionExecutorImpl - Initializing CONSTANTS
2026-08-12T23:21:09,874 [main] DEBUG a.f.a.t.b.t.TransitionExecutorImpl - Step #0, transition #0
2026-08-12T23:21:09,875 [main] DEBUG a.f.a.t.b.t.TransitionExecutorImpl - Translating to SMT
2026-08-12T23:21:21,409 [main] DEBUG a.f.a.t.b.SeqModelChecker - Step 0: Transition #0. Is it enabled?
2026-08-12T23:21:23,798 [main] DEBUG a.f.a.t.b.SeqModelChecker - Step 0: Transition #0 is enabled
2026-08-12T23:21:23,798 [main] INFO  a.f.a.t.b.SeqModelChecker - State 0: Checking 14 state invariants
2026-08-12T23:21:23,799 [main] DEBUG a.f.a.t.b.SeqModelChecker - State 0: Checking state invariant 0
2026-08-12T23:21:24,479 [main] INFO  a.f.a.t.b.SeqModelChecker - State 0: state invariant 0 holds.
2026-08-12T23:21:24,517 [main] DEBUG a.f.a.t.b.SeqModelChecker - State 0: Checking state invariant 1
2026-08-12T23:21:26,303 [main] INFO  a.f.a.t.b.SeqModelChecker - State 0: state invariant 1 holds.
2026-08-12T23:21:26,319 [main] DEBUG a.f.a.t.b.SeqModelChecker - State 0: Checking state invariant 2
2026-08-12T23:21:36,426 [main] INFO  a.f.a.t.b.SeqModelChecker - State 0: state invariant 2 holds.
2026-08-12T23:21:36,447 [main] DEBUG a.f.a.t.b.SeqModelChecker - State 0: Checking state invariant 3
2026-08-12T23:22:09,695 [main] INFO  a.f.a.t.b.SeqModelChecker - State 0: state invariant 3 holds.
2026-08-12T23:22:09,733 [main] DEBUG a.f.a.t.b.SeqModelChecker - State 0: Checking state invariant 4
2026-08-12T23:22:11,210 [main] INFO  a.f.a.t.b.SeqModelChecker - State 0: state invariant 4 holds.
2026-08-12T23:22:11,226 [main] DEBUG a.f.a.t.b.SeqModelChecker - State 0: Checking state invariant 5
2026-08-12T23:22:11,771 [main] INFO  a.f.a.t.b.SeqModelChecker - State 0: state invariant 5 holds.
2026-08-12T23:22:11,790 [main] DEBUG a.f.a.t.b.SeqModelChecker - State 0: Checking state invariant 6
2026-08-12T23:22:11,790 [main] INFO  a.f.a.t.b.SeqModelChecker - State 0: state invariant 6 holds.
2026-08-12T23:22:11,804 [main] DEBUG a.f.a.t.b.SeqModelChecker - State 0: Checking state invariant 7
2026-08-12T23:22:19,664 [main] INFO  a.f.a.t.b.SeqModelChecker - State 0: state invariant 7 holds.
2026-08-12T23:22:19,680 [main] DEBUG a.f.a.t.b.SeqModelChecker - State 0: Checking state invariant 8
2026-08-12T23:23:04,281 [main] INFO  a.f.a.t.b.SeqModelChecker - State 0: state invariant 8 holds.
2026-08-12T23:23:04,300 [main] DEBUG a.f.a.t.b.SeqModelChecker - State 0: Checking state invariant 9
2026-08-12T23:23:06,610 [main] INFO  a.f.a.t.b.SeqModelChecker - State 0: state invariant 9 holds.
2026-08-12T23:23:06,625 [main] DEBUG a.f.a.t.b.SeqModelChecker - State 0: Checking state invariant 10
2026-08-12T23:23:07,847 [main] INFO  a.f.a.t.b.SeqModelChecker - State 0: state invariant 10 holds.
2026-08-12T23:23:07,863 [main] DEBUG a.f.a.t.b.SeqModelChecker - State 0: Checking state invariant 11
2026-08-12T23:24:00,970 [main] INFO  a.f.a.t.b.SeqModelChecker - State 0: state invariant 11 holds.
2026-08-12T23:24:01,025 [main] DEBUG a.f.a.t.b.SeqModelChecker - State 0: Checking state invariant 12
2026-08-12T23:24:03,056 [main] INFO  a.f.a.t.b.SeqModelChecker - State 0: state invariant 12 holds.
2026-08-12T23:24:03,073 [main] DEBUG a.f.a.t.b.SeqModelChecker - State 0: Checking state invariant 13
2026-08-12T23:25:11,926 [main] INFO  a.f.a.t.b.SeqModelChecker - State 0: state invariant 13 holds.
2026-08-12T23:25:11,968 [main] INFO  a.f.a.t.b.t.TransitionExecutorImpl - Step 0: picking a transition out of 1 transition(s)
2026-08-12T23:25:11,970 [main] DEBUG a.f.a.t.b.t.TransitionExecutorImpl - Step #1, transition #0
2026-08-12T23:25:11,970 [main] DEBUG a.f.a.t.b.t.TransitionExecutorImpl - Translating to SMT
2026-08-12T23:25:11,970 [main] DEBUG a.f.a.t.b.t.TransitionExecutorImpl - Transition 0 produces partial assignment. Disabled.
2026-08-12T23:25:11,970 [main] DEBUG a.f.a.t.b.t.TransitionExecutorImpl - Step #1, transition #1
2026-08-12T23:25:11,970 [main] DEBUG a.f.a.t.b.t.TransitionExecutorImpl - Translating to SMT
2026-08-12T23:25:12,192 [main] DEBUG a.f.a.t.b.SeqModelChecker - Step 1: Transition #1. Is it enabled?
2026-08-12T23:25:16,665 [main] DEBUG a.f.a.t.b.SeqModelChecker - Step 1: Transition #1 is enabled
2026-08-12T23:25:16,723 [main] DEBUG a.f.a.t.b.t.TransitionExecutorImpl - Step #1, transition #2
2026-08-12T23:25:16,724 [main] DEBUG a.f.a.t.b.t.TransitionExecutorImpl - Translating to SMT
2026-08-12T23:25:16,950 [main] DEBUG a.f.a.t.b.SeqModelChecker - Step 1: Transition #2. Is it enabled?
2026-08-12T23:25:20,554 [main] DEBUG a.f.a.t.b.SeqModelChecker - Step 1: Transition #2 is enabled
2026-08-12T23:25:20,554 [main] INFO  a.f.a.t.b.SeqModelChecker - State 1: Checking 2 state invariants
2026-08-12T23:25:20,555 [main] DEBUG a.f.a.t.b.SeqModelChecker - State 1: Checking state invariant 5
2026-08-12T23:25:21,269 [main] INFO  a.f.a.t.b.SeqModelChecker - State 1: state invariant 5 holds.
2026-08-12T23:25:21,289 [main] DEBUG a.f.a.t.b.SeqModelChecker - State 1: Checking state invariant 9
2026-08-12T23:25:24,263 [main] INFO  a.f.a.t.b.SeqModelChecker - State 1: state invariant 9 holds.
2026-08-12T23:25:24,297 [main] DEBUG a.f.a.t.b.t.TransitionExecutorImpl - Step #1, transition #3
2026-08-12T23:25:24,298 [main] DEBUG a.f.a.t.b.t.TransitionExecutorImpl - Translating to SMT
2026-08-12T23:25:24,298 [main] DEBUG a.f.a.t.b.t.TransitionExecutorImpl - Transition 3 produces partial assignment. Disabled.
2026-08-12T23:25:24,298 [main] DEBUG a.f.a.t.b.t.TransitionExecutorImpl - Step #1, transition #4
2026-08-12T23:25:24,298 [main] DEBUG a.f.a.t.b.t.TransitionExecutorImpl - Translating to SMT
2026-08-12T23:25:24,315 [main] DEBUG a.f.a.t.b.SeqModelChecker - Step 1: Transition #4. Is it enabled?
2026-08-12T23:25:35,602 [main] DEBUG a.f.a.t.b.SeqModelChecker - Step 1: Transition #4 is enabled
2026-08-12T23:25:35,602 [main] INFO  a.f.a.t.b.SeqModelChecker - State 1: Checking 10 state invariants
2026-08-12T23:25:35,602 [main] DEBUG a.f.a.t.b.SeqModelChecker - State 1: Checking state invariant 0
2026-08-12T23:25:36,667 [main] INFO  a.f.a.t.b.SeqModelChecker - State 1: state invariant 0 holds.
2026-08-12T23:25:36,684 [main] DEBUG a.f.a.t.b.SeqModelChecker - State 1: Checking state invariant 2
2026-08-12T23:25:43,262 [main] INFO  a.f.a.t.b.SeqModelChecker - State 1: state invariant 2 holds.
2026-08-12T23:25:43,278 [main] DEBUG a.f.a.t.b.SeqModelChecker - State 1: Checking state invariant 3
2026-08-12T23:26:29,619 [main] INFO  a.f.a.t.b.SeqModelChecker - State 1: state invariant 3 holds.
2026-08-12T23:26:29,637 [main] DEBUG a.f.a.t.b.SeqModelChecker - State 1: Checking state invariant 4
2026-08-12T23:26:30,545 [main] INFO  a.f.a.t.b.SeqModelChecker - State 1: state invariant 4 holds.
2026-08-12T23:26:30,561 [main] DEBUG a.f.a.t.b.SeqModelChecker - State 1: Checking state invariant 5
2026-08-12T23:26:31,216 [main] INFO  a.f.a.t.b.SeqModelChecker - State 1: state invariant 5 holds.
2026-08-12T23:26:31,233 [main] DEBUG a.f.a.t.b.SeqModelChecker - State 1: Checking state invariant 9
2026-08-12T23:26:35,319 [main] INFO  a.f.a.t.b.SeqModelChecker - State 1: state invariant 9 holds.
2026-08-12T23:26:35,333 [main] DEBUG a.f.a.t.b.SeqModelChecker - State 1: Checking state invariant 10
2026-08-12T23:26:39,091 [main] INFO  a.f.a.t.b.SeqModelChecker - State 1: state invariant 10 holds.
2026-08-12T23:26:39,108 [main] DEBUG a.f.a.t.b.SeqModelChecker - State 1: Checking state invariant 11
2026-08-12T23:28:44,420 [main] INFO  a.f.a.t.b.SeqModelChecker - State 1: state invariant 11 holds.
2026-08-12T23:28:44,477 [main] DEBUG a.f.a.t.b.SeqModelChecker - State 1: Checking state invariant 12
2026-08-12T23:28:47,078 [main] INFO  a.f.a.t.b.SeqModelChecker - State 1: state invariant 12 holds.
2026-08-12T23:28:47,096 [main] DEBUG a.f.a.t.b.SeqModelChecker - State 1: Checking state invariant 13
2026-08-12T23:30:28,498 [main] INFO  a.f.a.t.b.SeqModelChecker - State 1: state invariant 13 holds.
2026-08-12T23:30:28,560 [main] DEBUG a.f.a.t.b.t.TransitionExecutorImpl - Step #1, transition #5
2026-08-12T23:30:28,560 [main] DEBUG a.f.a.t.b.t.TransitionExecutorImpl - Translating to SMT
2026-08-12T23:30:28,571 [main] DEBUG a.f.a.t.b.SeqModelChecker - Step 1: Transition #5. Is it enabled?
2026-08-12T23:30:33,212 [main] DEBUG a.f.a.t.b.SeqModelChecker - Step 1: Transition #5 is enabled
2026-08-12T23:30:33,212 [main] INFO  a.f.a.t.b.SeqModelChecker - State 1: Checking 2 state invariants
2026-08-12T23:30:33,213 [main] DEBUG a.f.a.t.b.SeqModelChecker - State 1: Checking state invariant 5
2026-08-12T23:30:33,697 [main] INFO  a.f.a.t.b.SeqModelChecker - State 1: state invariant 5 holds.
2026-08-12T23:30:33,714 [main] DEBUG a.f.a.t.b.SeqModelChecker - State 1: Checking state invariant 9
2026-08-12T23:30:34,436 [main] INFO  a.f.a.t.b.SeqModelChecker - State 1: state invariant 9 holds.
2026-08-12T23:30:34,464 [main] DEBUG a.f.a.t.b.t.TransitionExecutorImpl - Step #1, transition #6
2026-08-12T23:30:34,465 [main] DEBUG a.f.a.t.b.t.TransitionExecutorImpl - Translating to SMT
2026-08-12T23:30:34,465 [main] DEBUG a.f.a.t.b.t.TransitionExecutorImpl - Transition 6 produces partial assignment. Disabled.
2026-08-12T23:30:34,465 [main] DEBUG a.f.a.t.b.t.TransitionExecutorImpl - Step #1, transition #7
2026-08-12T23:30:34,465 [main] DEBUG a.f.a.t.b.t.TransitionExecutorImpl - Translating to SMT
2026-08-12T23:30:34,533 [main] DEBUG a.f.a.t.b.SeqModelChecker - Step 1: Transition #7. Is it enabled?
2026-08-12T23:30:46,886 [main] DEBUG a.f.a.t.b.SeqModelChecker - Step 1: Transition #7 is enabled
2026-08-12T23:30:46,886 [main] INFO  a.f.a.t.b.SeqModelChecker - State 1: Checking 6 state invariants
2026-08-12T23:30:46,886 [main] DEBUG a.f.a.t.b.SeqModelChecker - State 1: Checking state invariant 2
2026-08-12T23:31:18,224 [main] INFO  a.f.a.t.b.SeqModelChecker - State 1: state invariant 2 holds.
2026-08-12T23:31:18,267 [main] DEBUG a.f.a.t.b.SeqModelChecker - State 1: Checking state invariant 3
2026-08-12T23:33:33,343 [main] INFO  a.f.a.t.b.SeqModelChecker - State 1: state invariant 3 holds.
2026-08-12T23:33:33,380 [main] DEBUG a.f.a.t.b.SeqModelChecker - State 1: Checking state invariant 7
2026-08-12T23:33:49,077 [main] INFO  a.f.a.t.b.SeqModelChecker - State 1: state invariant 7 holds.
2026-08-12T23:33:49,107 [main] DEBUG a.f.a.t.b.SeqModelChecker - State 1: Checking state invariant 8
2026-08-12T23:36:50,592 [main] INFO  a.f.a.t.b.SeqModelChecker - State 1: state invariant 8 holds.
2026-08-12T23:36:50,614 [main] DEBUG a.f.a.t.b.SeqModelChecker - State 1: Checking state invariant 11
2026-08-12T23:42:46,400 [main] INFO  a.f.a.t.b.SeqModelChecker - State 1: state invariant 11 holds.
2026-08-12T23:42:46,472 [main] DEBUG a.f.a.t.b.SeqModelChecker - State 1: Checking state invariant 13
2026-08-12T23:45:09,468 [main] INFO  a.f.a.t.b.SeqModelChecker - State 1: state invariant 13 holds.
2026-08-12T23:45:09,535 [main] DEBUG a.f.a.t.b.t.TransitionExecutorImpl - Step #1, transition #8
2026-08-12T23:45:09,535 [main] DEBUG a.f.a.t.b.t.TransitionExecutorImpl - Translating to SMT
2026-08-12T23:45:09,745 [main] DEBUG a.f.a.t.b.SeqModelChecker - Step 1: Transition #8. Is it enabled?
2026-08-12T23:45:14,119 [main] DEBUG a.f.a.t.b.SeqModelChecker - Step 1: Transition #8 is enabled
2026-08-12T23:45:14,119 [main] INFO  a.f.a.t.b.SeqModelChecker - State 1: Checking 2 state invariants
2026-08-12T23:45:14,119 [main] DEBUG a.f.a.t.b.SeqModelChecker - State 1: Checking state invariant 1
2026-08-12T23:45:15,486 [main] INFO  a.f.a.t.b.SeqModelChecker - State 1: state invariant 1 holds.
2026-08-12T23:45:15,502 [main] DEBUG a.f.a.t.b.SeqModelChecker - State 1: Checking state invariant 12
2026-08-12T23:47:31,051 [main] INFO  a.f.a.t.b.SeqModelChecker - State 1: state invariant 12 holds.
2026-08-12T23:47:31,097 [main] DEBUG a.f.a.t.b.t.TransitionExecutorImpl - Step #1, transition #9
2026-08-12T23:47:31,097 [main] DEBUG a.f.a.t.b.t.TransitionExecutorImpl - Translating to SMT
2026-08-12T23:47:31,307 [main] DEBUG a.f.a.t.b.SeqModelChecker - Step 1: Transition #9. Is it enabled?
2026-08-12T23:47:42,434 [main] DEBUG a.f.a.t.b.SeqModelChecker - Step 1: Transition #9 is enabled
2026-08-12T23:47:42,495 [main] INFO  a.f.a.t.b.t.TransitionExecutorImpl - Step 1: picking a transition out of 7 transition(s)
2026-08-12T23:47:42,621 [main] DEBUG a.f.a.t.b.s.Z3SolverContext - Disposing Z3 solver context 0
2026-08-12T23:47:42,940 [main] INFO  a.f.a.t.b.p.BoundedCheckerPassImpl - The outcome is: NoError
2026-08-12T23:47:42,940 [main] DEBUG a.f.a.i.p.PassChainExecutor - PASS #13: BoundedChecker [OK]
2026-08-12T23:47:42,940 [main] INFO  a.f.a.t.Tool$ - Checker reports no error up to computation length 1
2026-08-12T23:47:42,941 [main] INFO  a.f.a.t.Tool$ - It took me 0 days  0 hours 26 min 35 sec
2026-08-12T23:47:42,941 [main] INFO  a.f.a.t.Tool$ - Total time: 1595.902 sec
