2026-08-12T23:20:51,044 [main] INFO  a.f.a.t.Tool$ - # APALACHE version: 0.61.0 | build: 831d473
2026-08-12T23:20:51,047 [main] INFO  a.f.a.i.c.ApalacheConfigResolver$ -   > CatalogInd.cfg: Loading TLC configuration
2026-08-12T23:20:51,108 [main] INFO  a.f.a.i.c.ApalacheConfigResolver$ -   > Using next predicate(s) Next from the TLC config
2026-08-12T23:20:51,110 [main] WARN  a.f.a.t.t.o.CheckCmd - checker.init overrides the value from the TLC configuration.
2026-08-12T23:20:51,110 [main] INFO  a.f.a.t.t.o.CheckCmd - Tuning: 
2026-08-12T23:20:51,268 [main] INFO  a.f.a.i.p.PassChainExecutor - PASS #0: SanyParser
2026-08-12T23:20:51,584 [main] DEBUG a.f.a.i.p.PassChainExecutor - PASS #0: SanyParser [OK]
2026-08-12T23:20:51,585 [main] INFO  a.f.a.i.p.PassChainExecutor - PASS #1: TypeCheckerSnowcat
2026-08-12T23:20:51,586 [main] INFO  a.f.a.t.p.t.EtcTypeCheckerPassImpl -  > Running Snowcat .::.
2026-08-12T23:20:52,487 [main] INFO  a.f.a.t.p.t.EtcTypeCheckerPassImpl -  > Your types are purrfect!
2026-08-12T23:20:52,488 [main] INFO  a.f.a.t.p.t.EtcTypeCheckerPassImpl -  > All expressions are typed
2026-08-12T23:20:52,488 [main] DEBUG a.f.a.i.p.PassChainExecutor - PASS #1: TypeCheckerSnowcat [OK]
2026-08-12T23:20:52,491 [main] INFO  a.f.a.i.p.PassChainExecutor - PASS #2: ConfigurationPass
2026-08-12T23:20:52,985 [main] INFO  a.f.a.t.p.p.ConfigurationPassImpl -   > CatalogInd.cfg: found INVARIANTS: IndInv
2026-08-12T23:20:52,988 [main] INFO  a.f.a.t.p.p.ConfigurationPassImpl -   > Set the initialization predicate to Init
2026-08-12T23:20:52,988 [main] INFO  a.f.a.t.p.p.ConfigurationPassImpl -   > Set the transition predicate to Next
2026-08-12T23:20:52,988 [main] INFO  a.f.a.t.p.p.ConfigurationPassImpl -   > Set the constant initialization predicate to CInit
2026-08-12T23:20:52,989 [main] INFO  a.f.a.t.p.p.ConfigurationPassImpl -   > Set an invariant to IndInv
2026-08-12T23:20:52,995 [main] DEBUG a.f.a.i.p.PassChainExecutor - PASS #2: ConfigurationPass [OK]
2026-08-12T23:20:52,996 [main] INFO  a.f.a.i.p.PassChainExecutor - PASS #3: DesugarerPass
2026-08-12T23:20:52,996 [main] INFO  a.f.a.t.p.p.DesugarerPassImpl -   > Desugaring...
2026-08-12T23:20:53,033 [main] DEBUG a.f.a.i.p.PassChainExecutor - PASS #3: DesugarerPass [OK]
2026-08-12T23:20:53,033 [main] INFO  a.f.a.i.p.PassChainExecutor - PASS #4: InlinePass
2026-08-12T23:20:53,034 [main] INFO  a.f.a.t.p.p.InlinePassImpl - Leaving only relevant operators: CInit, CInitPrimed, IndInv, Init, InitPrimed, Next
2026-08-12T23:20:53,139 [main] DEBUG a.f.a.i.p.PassChainExecutor - PASS #4: InlinePass [OK]
2026-08-12T23:20:53,140 [main] INFO  a.f.a.i.p.PassChainExecutor - PASS #5: TemporalPass
2026-08-12T23:20:53,140 [main] INFO  a.f.a.t.p.p.TemporalPassImpl -   > Rewriting temporal operators...
2026-08-12T23:20:53,140 [main] INFO  a.f.a.t.p.p.TemporalPassImpl -   > No temporal property specified, nothing to encode
2026-08-12T23:20:53,140 [main] DEBUG a.f.a.i.p.PassChainExecutor - PASS #5: TemporalPass [OK]
2026-08-12T23:20:53,140 [main] INFO  a.f.a.i.p.PassChainExecutor - PASS #6: InlinePass
2026-08-12T23:20:53,140 [main] INFO  a.f.a.t.p.p.InlinePassImpl - Leaving only relevant operators: CInit, CInitPrimed, IndInv, Init, InitPrimed, Next
2026-08-12T23:20:53,150 [main] DEBUG a.f.a.i.p.PassChainExecutor - PASS #6: InlinePass [OK]
2026-08-12T23:20:53,151 [main] INFO  a.f.a.i.p.PassChainExecutor - PASS #7: PrimingPass
2026-08-12T23:20:53,155 [main] INFO  a.f.a.t.p.a.PrimingPassImpl -   > Introducing CInitPrimed for CInit'
2026-08-12T23:20:53,156 [main] INFO  a.f.a.t.p.a.PrimingPassImpl -   > Introducing InitPrimed for Init'
2026-08-12T23:20:53,156 [main] DEBUG a.f.a.i.p.PassChainExecutor - PASS #7: PrimingPass [OK]
2026-08-12T23:20:53,156 [main] INFO  a.f.a.i.p.PassChainExecutor - PASS #8: VCGen
2026-08-12T23:20:53,157 [main] INFO  a.f.a.t.b.p.VCGenPassImpl -   > Producing verification conditions from the invariant IndInv
2026-08-12T23:20:53,176 [main] INFO  a.f.a.t.b.VCGenerator -   > VCGen produced 14 verification condition(s)
2026-08-12T23:20:53,186 [main] DEBUG a.f.a.i.p.PassChainExecutor - PASS #8: VCGen [OK]
2026-08-12T23:20:53,186 [main] INFO  a.f.a.i.p.PassChainExecutor - PASS #9: PreprocessingPass
2026-08-12T23:20:53,186 [main] INFO  a.f.a.t.p.p.PreproPassImpl -   > Before preprocessing: unique renaming
2026-08-12T23:20:53,206 [main] INFO  a.f.a.t.p.p.PreproPassImpl -  > Applying standard transformations:
2026-08-12T23:20:53,207 [main] INFO  a.f.a.t.p.p.PreproPassImpl -   > PrimePropagation
2026-08-12T23:20:53,210 [main] INFO  a.f.a.t.p.p.PreproPassImpl -   > Desugarer
2026-08-12T23:20:53,215 [main] INFO  a.f.a.t.p.p.PreproPassImpl -   > UniqueRenamer
2026-08-12T23:20:53,228 [main] INFO  a.f.a.t.p.p.PreproPassImpl -   > Normalizer
2026-08-12T23:20:53,241 [main] INFO  a.f.a.t.p.p.PreproPassImpl -   > SetMembershipSimplifier
2026-08-12T23:20:53,248 [main] INFO  a.f.a.t.p.p.PreproPassImpl -   > Keramelizer
2026-08-12T23:20:53,260 [main] INFO  a.f.a.t.p.p.PreproPassImpl -   > After preprocessing: UniqueRenamer
2026-08-12T23:20:53,277 [main] DEBUG a.f.a.i.p.PassChainExecutor - PASS #9: PreprocessingPass [OK]
2026-08-12T23:20:53,278 [main] INFO  a.f.a.i.p.PassChainExecutor - PASS #10: TransitionFinderPass
2026-08-12T23:20:53,346 [main] INFO  a.f.a.t.p.a.TransitionPassImpl -   > Found 1 initializing transitions
2026-08-12T23:20:53,377 [main] INFO  a.f.a.t.p.a.TransitionPassImpl -   > Found 10 transitions
2026-08-12T23:20:53,379 [main] INFO  a.f.a.t.p.a.TransitionPassImpl -   > Found constant initializer CInit
2026-08-12T23:20:53,385 [main] INFO  a.f.a.t.p.a.TransitionPassImpl -   > Applying unique renaming
2026-08-12T23:20:53,402 [main] DEBUG a.f.a.i.p.PassChainExecutor - PASS #10: TransitionFinderPass [OK]
2026-08-12T23:20:53,402 [main] INFO  a.f.a.i.p.PassChainExecutor - PASS #11: OptimizationPass
2026-08-12T23:20:53,410 [main] INFO  a.f.a.t.p.p.OptPassImpl -  > Applying optimizations:
2026-08-12T23:20:53,411 [main] INFO  a.f.a.t.p.p.OptPassImpl -   > ConstSimplifier
2026-08-12T23:20:53,427 [main] INFO  a.f.a.t.p.p.OptPassImpl -   > ExprOptimizer
2026-08-12T23:20:53,443 [main] INFO  a.f.a.t.p.p.OptPassImpl -   > SetMembershipSimplifier
2026-08-12T23:20:53,446 [main] INFO  a.f.a.t.p.p.OptPassImpl -   > ConstSimplifier
2026-08-12T23:20:53,460 [main] DEBUG a.f.a.i.p.PassChainExecutor - PASS #11: OptimizationPass [OK]
2026-08-12T23:20:53,460 [main] INFO  a.f.a.i.p.PassChainExecutor - PASS #12: AnalysisPass
2026-08-12T23:20:53,476 [main] INFO  a.f.a.t.b.p.AnalysisPassImpl -  > Marking skolemizable existentials and sets to be expanded...
2026-08-12T23:20:53,477 [main] INFO  a.f.a.t.b.p.AnalysisPassImpl -   > Skolemization
2026-08-12T23:20:53,480 [main] INFO  a.f.a.t.b.p.AnalysisPassImpl -   > Expansion
2026-08-12T23:20:53,488 [main] INFO  a.f.a.t.b.p.AnalysisPassImpl -   > Remove unused let-in defs
2026-08-12T23:20:53,509 [main] INFO  a.f.a.t.b.p.AnalysisPassImpl -  > Running analyzers...
2026-08-12T23:20:53,518 [main] INFO  a.f.a.t.b.p.AnalysisPassImpl -   > Introduced expression grades
2026-08-12T23:20:53,519 [main] DEBUG a.f.a.i.p.PassChainExecutor - PASS #12: AnalysisPass [OK]
2026-08-12T23:20:53,519 [main] INFO  a.f.a.i.p.PassChainExecutor - PASS #13: BoundedChecker
2026-08-12T23:20:53,572 [main] DEBUG a.f.a.t.b.s.Z3SolverContext - Creating Z3 solver context 0
2026-08-12T23:20:54,659 [main] DEBUG a.f.a.t.b.t.TransitionExecutorImpl - Initializing CONSTANTS
2026-08-12T23:20:54,698 [main] DEBUG a.f.a.t.b.t.TransitionExecutorImpl - Step #0, transition #0
2026-08-12T23:20:54,698 [main] DEBUG a.f.a.t.b.t.TransitionExecutorImpl - Translating to SMT
2026-08-12T23:20:54,758 [main] DEBUG a.f.a.t.b.SeqModelChecker - Step 0: Transition #0. Is it enabled?
2026-08-12T23:20:54,762 [main] DEBUG a.f.a.t.b.SeqModelChecker - Step 0: Transition #0 is enabled
2026-08-12T23:20:54,763 [main] INFO  a.f.a.t.b.SeqModelChecker - State 0: Checking 14 state invariants
2026-08-12T23:20:54,764 [main] DEBUG a.f.a.t.b.SeqModelChecker - State 0: Checking state invariant 0
2026-08-12T23:20:54,804 [main] INFO  a.f.a.t.b.SeqModelChecker - State 0: state invariant 0 holds.
2026-08-12T23:20:54,812 [main] DEBUG a.f.a.t.b.SeqModelChecker - State 0: Checking state invariant 1
2026-08-12T23:20:54,820 [main] INFO  a.f.a.t.b.SeqModelChecker - State 0: state invariant 1 holds.
2026-08-12T23:20:54,821 [main] DEBUG a.f.a.t.b.SeqModelChecker - State 0: Checking state invariant 2
2026-08-12T23:20:54,856 [main] INFO  a.f.a.t.b.SeqModelChecker - State 0: state invariant 2 holds.
2026-08-12T23:20:54,857 [main] DEBUG a.f.a.t.b.SeqModelChecker - State 0: Checking state invariant 3
2026-08-12T23:20:54,876 [main] INFO  a.f.a.t.b.SeqModelChecker - State 0: state invariant 3 holds.
2026-08-12T23:20:54,877 [main] DEBUG a.f.a.t.b.SeqModelChecker - State 0: Checking state invariant 4
2026-08-12T23:20:54,881 [main] INFO  a.f.a.t.b.SeqModelChecker - State 0: state invariant 4 holds.
2026-08-12T23:20:54,882 [main] DEBUG a.f.a.t.b.SeqModelChecker - State 0: Checking state invariant 5
2026-08-12T23:20:54,904 [main] INFO  a.f.a.t.b.SeqModelChecker - State 0: state invariant 5 holds.
2026-08-12T23:20:54,905 [main] DEBUG a.f.a.t.b.SeqModelChecker - State 0: Checking state invariant 6
2026-08-12T23:20:54,905 [main] INFO  a.f.a.t.b.SeqModelChecker - State 0: state invariant 6 holds.
2026-08-12T23:20:54,905 [main] DEBUG a.f.a.t.b.SeqModelChecker - State 0: Checking state invariant 7
2026-08-12T23:20:54,925 [main] INFO  a.f.a.t.b.SeqModelChecker - State 0: state invariant 7 holds.
2026-08-12T23:20:54,926 [main] DEBUG a.f.a.t.b.SeqModelChecker - State 0: Checking state invariant 8
2026-08-12T23:20:54,941 [main] INFO  a.f.a.t.b.SeqModelChecker - State 0: state invariant 8 holds.
2026-08-12T23:20:54,941 [main] DEBUG a.f.a.t.b.SeqModelChecker - State 0: Checking state invariant 9
2026-08-12T23:20:54,946 [main] INFO  a.f.a.t.b.SeqModelChecker - State 0: state invariant 9 holds.
2026-08-12T23:20:54,946 [main] DEBUG a.f.a.t.b.SeqModelChecker - State 0: Checking state invariant 10
2026-08-12T23:20:54,950 [main] INFO  a.f.a.t.b.SeqModelChecker - State 0: state invariant 10 holds.
2026-08-12T23:20:54,951 [main] DEBUG a.f.a.t.b.SeqModelChecker - State 0: Checking state invariant 11
2026-08-12T23:20:55,159 [main] INFO  a.f.a.t.b.SeqModelChecker - State 0: state invariant 11 holds.
2026-08-12T23:20:55,161 [main] DEBUG a.f.a.t.b.SeqModelChecker - State 0: Checking state invariant 12
2026-08-12T23:20:55,163 [main] INFO  a.f.a.t.b.SeqModelChecker - State 0: state invariant 12 holds.
2026-08-12T23:20:55,164 [main] DEBUG a.f.a.t.b.SeqModelChecker - State 0: Checking state invariant 13
2026-08-12T23:20:55,200 [main] INFO  a.f.a.t.b.SeqModelChecker - State 0: state invariant 13 holds.
2026-08-12T23:20:55,200 [main] INFO  a.f.a.t.b.t.TransitionExecutorImpl - Step 0: picking a transition out of 1 transition(s)
2026-08-12T23:20:55,204 [main] DEBUG a.f.a.t.b.s.Z3SolverContext - Disposing Z3 solver context 0
2026-08-12T23:20:55,209 [main] INFO  a.f.a.t.b.p.BoundedCheckerPassImpl - The outcome is: NoError
2026-08-12T23:20:55,210 [main] DEBUG a.f.a.i.p.PassChainExecutor - PASS #13: BoundedChecker [OK]
2026-08-12T23:20:55,210 [main] INFO  a.f.a.t.Tool$ - Checker reports no error up to computation length 0
2026-08-12T23:20:55,211 [main] INFO  a.f.a.t.Tool$ - It took me 0 days  0 hours  0 min  4 sec
2026-08-12T23:20:55,211 [main] INFO  a.f.a.t.Tool$ - Total time: 4.164 sec
