2026-08-12T23:48:19,387 [main] INFO  a.f.a.t.Tool$ - # APALACHE version: 0.61.0 | build: 831d473
2026-08-12T23:48:19,390 [main] INFO  a.f.a.i.c.ApalacheConfigResolver$ -   > CatalogInd.cfg: Loading TLC configuration
2026-08-12T23:48:19,452 [main] INFO  a.f.a.i.c.ApalacheConfigResolver$ -   > Using next predicate(s) Next from the TLC config
2026-08-12T23:48:19,454 [main] WARN  a.f.a.t.t.o.CheckCmd - checker.init overrides the value from the TLC configuration.
2026-08-12T23:48:19,455 [main] INFO  a.f.a.t.t.o.CheckCmd - Tuning: 
2026-08-12T23:48:19,616 [main] INFO  a.f.a.i.p.PassChainExecutor - PASS #0: SanyParser
2026-08-12T23:48:19,931 [main] DEBUG a.f.a.i.p.PassChainExecutor - PASS #0: SanyParser [OK]
2026-08-12T23:48:19,932 [main] INFO  a.f.a.i.p.PassChainExecutor - PASS #1: TypeCheckerSnowcat
2026-08-12T23:48:19,935 [main] INFO  a.f.a.t.p.t.EtcTypeCheckerPassImpl -  > Running Snowcat .::.
2026-08-12T23:48:20,803 [main] INFO  a.f.a.t.p.t.EtcTypeCheckerPassImpl -  > Your types are purrfect!
2026-08-12T23:48:20,803 [main] INFO  a.f.a.t.p.t.EtcTypeCheckerPassImpl -  > All expressions are typed
2026-08-12T23:48:20,803 [main] DEBUG a.f.a.i.p.PassChainExecutor - PASS #1: TypeCheckerSnowcat [OK]
2026-08-12T23:48:20,806 [main] INFO  a.f.a.i.p.PassChainExecutor - PASS #2: ConfigurationPass
2026-08-12T23:48:21,246 [main] INFO  a.f.a.t.p.p.ConfigurationPassImpl -   > CatalogInd.cfg: found INVARIANTS: StateSafety
2026-08-12T23:48:21,249 [main] INFO  a.f.a.t.p.p.ConfigurationPassImpl -   > Set the initialization predicate to IndInit
2026-08-12T23:48:21,249 [main] INFO  a.f.a.t.p.p.ConfigurationPassImpl -   > Set the transition predicate to Next
2026-08-12T23:48:21,249 [main] INFO  a.f.a.t.p.p.ConfigurationPassImpl -   > Set the constant initialization predicate to CInit
2026-08-12T23:48:21,250 [main] INFO  a.f.a.t.p.p.ConfigurationPassImpl -   > Set an invariant to StateSafety
2026-08-12T23:48:21,257 [main] DEBUG a.f.a.i.p.PassChainExecutor - PASS #2: ConfigurationPass [OK]
2026-08-12T23:48:21,257 [main] INFO  a.f.a.i.p.PassChainExecutor - PASS #3: DesugarerPass
2026-08-12T23:48:21,257 [main] INFO  a.f.a.t.p.p.DesugarerPassImpl -   > Desugaring...
2026-08-12T23:48:21,293 [main] DEBUG a.f.a.i.p.PassChainExecutor - PASS #3: DesugarerPass [OK]
2026-08-12T23:48:21,293 [main] INFO  a.f.a.i.p.PassChainExecutor - PASS #4: InlinePass
2026-08-12T23:48:21,294 [main] INFO  a.f.a.t.p.p.InlinePassImpl - Leaving only relevant operators: CInit, CInitPrimed, IndInit, IndInitPrimed, Next, StateSafety
2026-08-12T23:48:21,393 [main] DEBUG a.f.a.i.p.PassChainExecutor - PASS #4: InlinePass [OK]
2026-08-12T23:48:21,394 [main] INFO  a.f.a.i.p.PassChainExecutor - PASS #5: TemporalPass
2026-08-12T23:48:21,394 [main] INFO  a.f.a.t.p.p.TemporalPassImpl -   > Rewriting temporal operators...
2026-08-12T23:48:21,394 [main] INFO  a.f.a.t.p.p.TemporalPassImpl -   > No temporal property specified, nothing to encode
2026-08-12T23:48:21,394 [main] DEBUG a.f.a.i.p.PassChainExecutor - PASS #5: TemporalPass [OK]
2026-08-12T23:48:21,394 [main] INFO  a.f.a.i.p.PassChainExecutor - PASS #6: InlinePass
2026-08-12T23:48:21,394 [main] INFO  a.f.a.t.p.p.InlinePassImpl - Leaving only relevant operators: CInit, CInitPrimed, IndInit, IndInitPrimed, Next, StateSafety
2026-08-12T23:48:21,411 [main] DEBUG a.f.a.i.p.PassChainExecutor - PASS #6: InlinePass [OK]
2026-08-12T23:48:21,411 [main] INFO  a.f.a.i.p.PassChainExecutor - PASS #7: PrimingPass
2026-08-12T23:48:21,418 [main] INFO  a.f.a.t.p.a.PrimingPassImpl -   > Introducing CInitPrimed for CInit'
2026-08-12T23:48:21,418 [main] INFO  a.f.a.t.p.a.PrimingPassImpl -   > Introducing IndInitPrimed for IndInit'
2026-08-12T23:48:21,420 [main] DEBUG a.f.a.i.p.PassChainExecutor - PASS #7: PrimingPass [OK]
2026-08-12T23:48:21,420 [main] INFO  a.f.a.i.p.PassChainExecutor - PASS #8: VCGen
2026-08-12T23:48:21,421 [main] INFO  a.f.a.t.b.p.VCGenPassImpl -   > Producing verification conditions from the invariant StateSafety
2026-08-12T23:48:21,438 [main] INFO  a.f.a.t.b.VCGenerator -   > VCGen produced 7 verification condition(s)
2026-08-12T23:48:21,445 [main] DEBUG a.f.a.i.p.PassChainExecutor - PASS #8: VCGen [OK]
2026-08-12T23:48:21,445 [main] INFO  a.f.a.i.p.PassChainExecutor - PASS #9: PreprocessingPass
2026-08-12T23:48:21,445 [main] INFO  a.f.a.t.p.p.PreproPassImpl -   > Before preprocessing: unique renaming
2026-08-12T23:48:21,460 [main] INFO  a.f.a.t.p.p.PreproPassImpl -  > Applying standard transformations:
2026-08-12T23:48:21,461 [main] INFO  a.f.a.t.p.p.PreproPassImpl -   > PrimePropagation
2026-08-12T23:48:21,465 [main] INFO  a.f.a.t.p.p.PreproPassImpl -   > Desugarer
2026-08-12T23:48:21,471 [main] INFO  a.f.a.t.p.p.PreproPassImpl -   > UniqueRenamer
2026-08-12T23:48:21,487 [main] INFO  a.f.a.t.p.p.PreproPassImpl -   > Normalizer
2026-08-12T23:48:21,500 [main] INFO  a.f.a.t.p.p.PreproPassImpl -   > SetMembershipSimplifier
2026-08-12T23:48:21,511 [main] INFO  a.f.a.t.p.p.PreproPassImpl -   > Keramelizer
2026-08-12T23:48:21,525 [main] INFO  a.f.a.t.p.p.PreproPassImpl -   > After preprocessing: UniqueRenamer
2026-08-12T23:48:21,547 [main] DEBUG a.f.a.i.p.PassChainExecutor - PASS #9: PreprocessingPass [OK]
2026-08-12T23:48:21,548 [main] INFO  a.f.a.i.p.PassChainExecutor - PASS #10: TransitionFinderPass
2026-08-12T23:48:21,629 [main] INFO  a.f.a.t.p.a.TransitionPassImpl -   > Found 1 initializing transitions
2026-08-12T23:48:21,653 [main] INFO  a.f.a.t.p.a.TransitionPassImpl -   > Found 10 transitions
2026-08-12T23:48:21,655 [main] INFO  a.f.a.t.p.a.TransitionPassImpl -   > Found constant initializer CInit
2026-08-12T23:48:21,660 [main] INFO  a.f.a.t.p.a.TransitionPassImpl -   > Applying unique renaming
2026-08-12T23:48:21,674 [main] DEBUG a.f.a.i.p.PassChainExecutor - PASS #10: TransitionFinderPass [OK]
2026-08-12T23:48:21,674 [main] INFO  a.f.a.i.p.PassChainExecutor - PASS #11: OptimizationPass
2026-08-12T23:48:21,691 [main] INFO  a.f.a.t.p.p.OptPassImpl -  > Applying optimizations:
2026-08-12T23:48:21,692 [main] INFO  a.f.a.t.p.p.OptPassImpl -   > ConstSimplifier
2026-08-12T23:48:21,710 [main] INFO  a.f.a.t.p.p.OptPassImpl -   > ExprOptimizer
2026-08-12T23:48:21,724 [main] INFO  a.f.a.t.p.p.OptPassImpl -   > SetMembershipSimplifier
2026-08-12T23:48:21,727 [main] INFO  a.f.a.t.p.p.OptPassImpl -   > ConstSimplifier
2026-08-12T23:48:21,741 [main] DEBUG a.f.a.i.p.PassChainExecutor - PASS #11: OptimizationPass [OK]
2026-08-12T23:48:21,742 [main] INFO  a.f.a.i.p.PassChainExecutor - PASS #12: AnalysisPass
2026-08-12T23:48:21,755 [main] INFO  a.f.a.t.b.p.AnalysisPassImpl -  > Marking skolemizable existentials and sets to be expanded...
2026-08-12T23:48:21,756 [main] INFO  a.f.a.t.b.p.AnalysisPassImpl -   > Skolemization
2026-08-12T23:48:21,759 [main] INFO  a.f.a.t.b.p.AnalysisPassImpl -   > Expansion
2026-08-12T23:48:21,766 [main] INFO  a.f.a.t.b.p.AnalysisPassImpl -   > Remove unused let-in defs
2026-08-12T23:48:21,785 [main] INFO  a.f.a.t.b.p.AnalysisPassImpl -  > Running analyzers...
2026-08-12T23:48:21,796 [main] INFO  a.f.a.t.b.p.AnalysisPassImpl -   > Introduced expression grades
2026-08-12T23:48:21,796 [main] DEBUG a.f.a.i.p.PassChainExecutor - PASS #12: AnalysisPass [OK]
2026-08-12T23:48:21,796 [main] INFO  a.f.a.i.p.PassChainExecutor - PASS #13: BoundedChecker
2026-08-12T23:48:21,852 [main] DEBUG a.f.a.t.b.s.Z3SolverContext - Creating Z3 solver context 0
2026-08-12T23:48:22,116 [main] DEBUG a.f.a.t.b.t.TransitionExecutorImpl - Initializing CONSTANTS
2026-08-12T23:48:22,153 [main] DEBUG a.f.a.t.b.t.TransitionExecutorImpl - Step #0, transition #0
2026-08-12T23:48:22,153 [main] DEBUG a.f.a.t.b.t.TransitionExecutorImpl - Translating to SMT
2026-08-12T23:48:33,830 [main] DEBUG a.f.a.t.b.SeqModelChecker - Step 0: Transition #0. Is it enabled?
2026-08-12T23:48:36,228 [main] DEBUG a.f.a.t.b.SeqModelChecker - Step 0: Transition #0 is enabled
2026-08-12T23:48:36,229 [main] INFO  a.f.a.t.b.SeqModelChecker - State 0: Checking 7 state invariants
2026-08-12T23:48:36,230 [main] DEBUG a.f.a.t.b.SeqModelChecker - State 0: Checking state invariant 0
2026-08-12T23:48:36,719 [main] INFO  a.f.a.t.b.SeqModelChecker - State 0: state invariant 0 holds.
2026-08-12T23:48:36,759 [main] DEBUG a.f.a.t.b.SeqModelChecker - State 0: Checking state invariant 1
2026-08-12T23:49:42,270 [main] INFO  a.f.a.t.b.SeqModelChecker - State 0: state invariant 1 holds.
2026-08-12T23:49:42,308 [main] DEBUG a.f.a.t.b.SeqModelChecker - State 0: Checking state invariant 2
2026-08-12T23:49:43,629 [main] INFO  a.f.a.t.b.SeqModelChecker - State 0: state invariant 2 holds.
2026-08-12T23:49:43,646 [main] DEBUG a.f.a.t.b.SeqModelChecker - State 0: Checking state invariant 3
