{"synthetic": false,
 "schemaVersion": "2025-09-10",
 "outputs":
 {"o": ["fb43624d343c70ae.olean"],
  "m": false,
  "i": "045e90548e178729.ilean",
  "c": "40c2471be9d39466.c"},
 "log":
 [{"message":
   ".> LEAN_PATH=C:\\Users\\kokok\\Dev\\foldlab\\verify\\replay\\lean\\.lake\\build\\lib\\lean c:\\Users\\kokok\\scoop\\persist\\elan\\.elan\\toolchains\\leanprover--lean4---v4.33.0\\bin\\lean.exe C:\\Users\\kokok\\Dev\\foldlab\\verify\\replay\\lean\\Replay\\Core.lean -o C:\\Users\\kokok\\Dev\\foldlab\\verify\\replay\\lean\\.lake\\build\\lib\\lean\\Replay\\Core.olean -i C:\\Users\\kokok\\Dev\\foldlab\\verify\\replay\\lean\\.lake\\build\\lib\\lean\\Replay\\Core.ilean -c C:\\Users\\kokok\\Dev\\foldlab\\verify\\replay\\lean\\.lake\\build\\ir\\Replay\\Core.c --setup C:\\Users\\kokok\\Dev\\foldlab\\verify\\replay\\lean\\.lake\\build\\ir\\Replay\\Core.setup.json --json",
   "level": "trace"},
  {"message":
   "Replay/Core.lean:53:13: Variable name `hm` is not explicitly referenced.\n\nHint: The binding can be removed (if unused) or named `_` (if used implicitly). Alternatively, prefix the name with `_` to silence this warning:\n  [apply] _hm\n\nNote: This linter can be disabled with `set_option linter.unusedVariables false`",
   "level": "warning"}],
 "inputs":
 [["deps",
   [["replay/Replay:extraDep", [["@replay:extraDep", "00000000000006bb"]]],
    ["imports", "00000000000006bb"]]],
  ["libs",
   [["import dynlibs", "00000000000006bb"],
    ["package external libraries", "00000000000006bb"],
    ["module dynlibs", "00000000000006bb"],
    ["module plugins", "00000000000006bb"]]],
  ["Lean 4.33.0, commit d8b18978322de05a8f3dba51ef03cf5461676c17",
   "3eca9d16ab6c877d"],
  ["C:\\Users\\kokok\\Dev\\foldlab\\verify\\replay\\lean\\Replay\\Core.lean",
   "2856ed27a1cc9f4c"],
  ["options", "00000000000006bb"],
  ["isModule: false", "feefd2a0d3a1847e"],
  ["Module.name: Replay.Core", "85b23d5f0cba8287"],
  ["Package.id?: (some replay)", "27b689e3ed617dea"],
  ["Module.leanArgs: #[]", "00000000000006bb"]],
 "depHash": "eb27952015b6738f"}