{"synthetic": false,
 "schemaVersion": "2025-09-10",
 "outputs":
 {"o": ["ed09ecca0f019f19.olean"],
  "m": false,
  "i": "c290304587a13090.ilean",
  "c": "e39ca638330b4785.c"},
 "log":
 [{"message":
   ".> LEAN_PATH=C:\\Users\\kokok\\Dev\\foldlab\\verify\\replay\\lean\\.lake\\build\\lib\\lean c:\\Users\\kokok\\scoop\\persist\\elan\\.elan\\toolchains\\leanprover--lean4---v4.33.0\\bin\\lean.exe C:\\Users\\kokok\\Dev\\foldlab\\verify\\replay\\lean\\Replay\\Faithless.lean -o C:\\Users\\kokok\\Dev\\foldlab\\verify\\replay\\lean\\.lake\\build\\lib\\lean\\Replay\\Faithless.olean -i C:\\Users\\kokok\\Dev\\foldlab\\verify\\replay\\lean\\.lake\\build\\lib\\lean\\Replay\\Faithless.ilean -c C:\\Users\\kokok\\Dev\\foldlab\\verify\\replay\\lean\\.lake\\build\\ir\\Replay\\Faithless.c --setup C:\\Users\\kokok\\Dev\\foldlab\\verify\\replay\\lean\\.lake\\build\\ir\\Replay\\Faithless.setup.json --json",
   "level": "trace"}],
 "inputs":
 [["deps",
   [["replay/Replay:extraDep", [["@replay:extraDep", "00000000000006bb"]]],
    ["imports",
     [["Replay.Core transitive imports (legacy)", "00000000000006bb"],
      ["Replay.Core:importAllArts", "3362a0c95835c693"]]]]],
  ["libs",
   [["import dynlibs", "00000000000006bb"],
    ["package external libraries", "00000000000006bb"],
    ["module dynlibs", "00000000000006bb"],
    ["module plugins", "00000000000006bb"]]],
  ["Lean 4.33.0, commit d8b18978322de05a8f3dba51ef03cf5461676c17",
   "3eca9d16ab6c877d"],
  ["C:\\Users\\kokok\\Dev\\foldlab\\verify\\replay\\lean\\Replay\\Faithless.lean",
   "a2ee950953f6d4fe"],
  ["options", "00000000000006bb"],
  ["isModule: false", "feefd2a0d3a1847e"],
  ["Module.name: Replay.Faithless", "d120a43552a9ee21"],
  ["Package.id?: (some replay)", "27b689e3ed617dea"],
  ["Module.leanArgs: #[]", "00000000000006bb"]],
 "depHash": "bd1dabac33194bf0"}