TLC2 Version 2026.08.11.125311 (rev: 0894c34)
Running breadth-first search Model-Checking with fp 2 and seed 9049080881505240454 with 1 worker on 16 cores with 3556MB heap and 64MB offheap memory [pid: 3716] (Windows 11 10.0 amd64, Oracle Corporation 21.0.2 64bit, MSBDiskFPSet, DiskStateQueue).
Parsing file C:\Users\kokok\Dev\foldlab\verify\replay\Replay.tla
Parsing file C:\Users\kokok\AppData\Local\Temp\tlc-13631316864835655138\Naturals.tla (jar:file:/C:/Users/kokok/Dev/foldlab/verify/catalog/tools/tla2tools.jar!/tla2sany/StandardModules/Naturals.tla)
Parsing file C:\Users\kokok\AppData\Local\Temp\tlc-13631316864835655138\FiniteSets.tla (jar:file:/C:/Users/kokok/Dev/foldlab/verify/catalog/tools/tla2tools.jar!/tla2sany/StandardModules/FiniteSets.tla)
Parsing file C:\Users\kokok\AppData\Local\Temp\tlc-13631316864835655138\_TLCTrace.tla (jar:file:/C:/Users/kokok/Dev/foldlab/verify/catalog/tools/tla2tools.jar!/tla2sany/StandardModules/_TLCTrace.tla)
Parsing file C:\Users\kokok\AppData\Local\Temp\tlc-13631316864835655138\Sequences.tla (jar:file:/C:/Users/kokok/Dev/foldlab/verify/catalog/tools/tla2tools.jar!/tla2sany/StandardModules/Sequences.tla)
Parsing file C:\Users\kokok\AppData\Local\Temp\tlc-13631316864835655138\TLC.tla (jar:file:/C:/Users/kokok/Dev/foldlab/verify/catalog/tools/tla2tools.jar!/tla2sany/StandardModules/TLC.tla)
Parsing file C:\Users\kokok\AppData\Local\Temp\tlc-13631316864835655138\TLCExt.tla (jar:file:/C:/Users/kokok/Dev/foldlab/verify/catalog/tools/tla2tools.jar!/tla2sany/StandardModules/TLCExt.tla)
Parsing file C:\Users\kokok\AppData\Local\Temp\tlc-13631316864835655138\Integers.tla (jar:file:/C:/Users/kokok/Dev/foldlab/verify/catalog/tools/tla2tools.jar!/tla2sany/StandardModules/Integers.tla)
Semantic processing of module Naturals
Semantic processing of module Sequences
Semantic processing of module FiniteSets
Semantic processing of module TLC
Semantic processing of module Integers
Semantic processing of module TLCExt
Semantic processing of module _TLCTrace
Semantic processing of module Replay
Linting of module TLCExt
Linting of module _TLCTrace
Linting of module Replay
Starting... (2026-08-14 15:19:21)
Computing initial states...
Finished computing initial states: 1 distinct state generated at 2026-08-14 15:19:22.
Model checking completed. No error has been found.
  Estimates of the probability that TLC did not check all reachable states
  because two distinct states had the same fingerprint:
  calculated (optimistic):  val = 1.9E-15
376 states generated, 181 distinct states found, 0 states left on queue.
The depth of the complete state graph search is 13.
The average outdegree of the complete state graph is 1 (minimum is 0, the maximum 4 and the 95th percentile is 2).
Finished in 00s at (2026-08-14 15:19:22)
