TLC2 Version 2026.08.11.125311 (rev: 0894c34)
Running breadth-first search Model-Checking with fp 9 and seed -2528223930235984675 with 1 worker on 16 cores with 3556MB heap and 64MB offheap memory [pid: 25524] (Windows 11 10.0 amd64, Oracle Corporation 21.0.2 64bit, MSBDiskFPSet, DiskStateQueue).
Parsing file C:\Users\kokok\Dev\foldlab\verify\replay\Replay.tla
Parsing file C:\Users\kokok\AppData\Local\Temp\tlc-5884823096332145207\Naturals.tla (jar:file:/C:/Users/kokok/Dev/foldlab/verify/catalog/tools/tla2tools.jar!/tla2sany/StandardModules/Naturals.tla)
Parsing file C:\Users\kokok\AppData\Local\Temp\tlc-5884823096332145207\FiniteSets.tla (jar:file:/C:/Users/kokok/Dev/foldlab/verify/catalog/tools/tla2tools.jar!/tla2sany/StandardModules/FiniteSets.tla)
Parsing file C:\Users\kokok\AppData\Local\Temp\tlc-5884823096332145207\_TLCTrace.tla (jar:file:/C:/Users/kokok/Dev/foldlab/verify/catalog/tools/tla2tools.jar!/tla2sany/StandardModules/_TLCTrace.tla)
Parsing file C:\Users\kokok\AppData\Local\Temp\tlc-5884823096332145207\Sequences.tla (jar:file:/C:/Users/kokok/Dev/foldlab/verify/catalog/tools/tla2tools.jar!/tla2sany/StandardModules/Sequences.tla)
Parsing file C:\Users\kokok\AppData\Local\Temp\tlc-5884823096332145207\TLC.tla (jar:file:/C:/Users/kokok/Dev/foldlab/verify/catalog/tools/tla2tools.jar!/tla2sany/StandardModules/TLC.tla)
Parsing file C:\Users\kokok\AppData\Local\Temp\tlc-5884823096332145207\TLCExt.tla (jar:file:/C:/Users/kokok/Dev/foldlab/verify/catalog/tools/tla2tools.jar!/tla2sany/StandardModules/TLCExt.tla)
Parsing file C:\Users\kokok\AppData\Local\Temp\tlc-5884823096332145207\Integers.tla (jar:file:/C:/Users/kokok/Dev/foldlab/verify/catalog/tools/tla2tools.jar!/tla2sany/StandardModules/Integers.tla)
Semantic processing of module Naturals
Semantic processing of module Sequences
Semantic processing of module FiniteSets
Semantic processing of module TLC
Semantic processing of module Integers
Semantic processing of module TLCExt
Semantic processing of module _TLCTrace
Semantic processing of module Replay
Linting of module TLCExt
Linting of module _TLCTrace
Linting of module Replay
Starting... (2026-08-14 15:19:23)
Computing initial states...
Finished computing initial states: 1 distinct state generated at 2026-08-14 15:19:23.
Error: Invariant SpecEval is violated.
Error: The behavior up to this point is:
State 1: <Initial predicate>
reg = <<[st |-> "absent"], [st |-> "absent"], [st |-> "absent"]>>

State 2: <Claim("w1",3) line 69, col 3 to line 71, col 74 of module Replay>
reg = << [st |-> "absent"],
   [st |-> "absent"],
   [st |-> "claim", owner |-> "w1", fence |-> 1] >>

State 3: <Commit("w1",3) line 84, col 3 to line 87, col 64 of module Replay>
reg = << [st |-> "absent"],
   [st |-> "absent"],
   [st |-> "done", val |-> 0, fence |-> 1] >>

36 states generated, 26 distinct states found, 19 states left on queue.
The depth of the complete state graph search is 3.
Finished in 00s at (2026-08-14 15:19:23)
Trace exploration spec path: .\Replay_TTrace_1786738762.tla
