{"synthetic": false,
 "schemaVersion": "2025-09-10",
 "outputs":
 {"o": ["8511befb247e4d23.olean"],
  "m": false,
  "i": "b7c94dc9b21a710c.ilean",
  "c": "e781631b3b335cbd.c"},
 "log":
 [{"message":
   ".> LEAN_PATH=C:\\Users\\kokok\\Dev\\foldlab\\verify\\replay\\lean\\.lake\\build\\lib\\lean c:\\Users\\kokok\\scoop\\persist\\elan\\.elan\\toolchains\\leanprover--lean4---v4.33.0\\bin\\lean.exe C:\\Users\\kokok\\Dev\\foldlab\\verify\\replay\\lean\\Replay.lean -o C:\\Users\\kokok\\Dev\\foldlab\\verify\\replay\\lean\\.lake\\build\\lib\\lean\\Replay.olean -i C:\\Users\\kokok\\Dev\\foldlab\\verify\\replay\\lean\\.lake\\build\\lib\\lean\\Replay.ilean -c C:\\Users\\kokok\\Dev\\foldlab\\verify\\replay\\lean\\.lake\\build\\ir\\Replay.c --setup C:\\Users\\kokok\\Dev\\foldlab\\verify\\replay\\lean\\.lake\\build\\ir\\Replay.setup.json --json",
   "level": "trace"}],
 "inputs":
 [["deps",
   [["replay/Replay:extraDep", [["@replay:extraDep", "00000000000006bb"]]],
    ["imports",
     [["Replay.Core transitive imports (legacy)", "00000000000006bb"],
      ["Replay.Core:importAllArts", "3362a0c95835c693"],
      ["Replay.Faithless transitive imports (legacy)", "9eca107b9f973d7b"],
      ["Replay.Faithless:importAllArts", "be8c5986ccf7c813"]]]]],
  ["libs",
   [["import dynlibs", "00000000000006bb"],
    ["package external libraries", "00000000000006bb"],
    ["module dynlibs", "00000000000006bb"],
    ["module plugins", "00000000000006bb"]]],
  ["Lean 4.33.0, commit d8b18978322de05a8f3dba51ef03cf5461676c17",
   "3eca9d16ab6c877d"],
  ["C:\\Users\\kokok\\Dev\\foldlab\\verify\\replay\\lean\\Replay.lean",
   "82c05ceed41c55ac"],
  ["options", "00000000000006bb"],
  ["isModule: false", "feefd2a0d3a1847e"],
  ["Module.name: Replay", "6eddcc101a3d21d9"],
  ["Package.id?: (some replay)", "27b689e3ed617dea"],
  ["Module.leanArgs: #[]", "00000000000006bb"]],
 "depHash": "a304bfdb570f02ce"}